[i] mode path: run this with the game at: whatever the path needs
[+] attaching to PID 7568
[+] IL2CPP ready, scouting...

=== PATH: candidate classes ===

=== Gallop.DialogManager -> _dialogList -> [1] -> _data -> RightButtonCallBack -> m_target -> _idleTab ===
  _dialogList: System.Collections.Generic.List<Gallop.DialogCommon>
  [1]: Gallop.DialogCommon
  _data: Gallop.DialogCommon.Data
  RightButtonCallBack: System.Action<Gallop.DialogCommon>
  m_target: Gallop.DialogSingleModeStartConfirmEntrySelectMode
  _idleTab: Gallop.PartsSingleModeStartConfirmEntryIdleTabItem
  <Gallop.PartsSingleModeStartConfirmEntryIdleTabItem>
      ._rootRectTransform = <UnityEngine.RectTransform>
      ._entryInfoExpandItem = <Gallop.PartsIdleSingleModeEntryInfoExpandItem>
      ._paramRateToggleGroupCommon = <Gallop.ToggleGroupCommon>
      ._raceReservePreset = <Gallop.PartsSingleModeRaceReservePresetItemView>
      ._raceReservePresetEditButton = <Gallop.ButtonCommon>
      ._preferenceSkillRootRectTransform = <UnityEngine.RectTransform>
      ._selectPreferenceSkillButton = <Gallop.ButtonCommon>
      ._selectedSkillListParent = <UnityEngine.RectTransform>
      ._selectedPreferenceSkillListItemBase = <Gallop.PartsSingleModeAutoPlaySelectedPreferenceSkillListItem>
      ._guideButton = <Gallop.ButtonCommon>
      .<OnChangeParamRateIndex>k__BackingField = <System.Action<System.Int32>>
      .<OnChangePreferenceSkillIdList>k__BackingField = <System.Action<System.Collections.Generic.IReadOnlyList<System.Int32>>>
      .<OnChangeReservedRaceInfo>k__BackingField = <System.Action<Gallop.SingleModeReservedRaceInfo,Gallop.SingleModeReservedRace[]>>
      .<OnChangeRouteRaceProgramId>k__BackingField = <System.Action<System.Int32>>
      ._raceSelectContext = <Gallop.IdleSingleModeCharaRaceSelectContext>
      ._skillItemList = <System.Collections.Generic.List<Gallop.PartsSingleModeAutoPlaySelectedPreferenceSkillListItem>>
      ._tempPreferenceSkillIdList = <System.Collections.Generic.List<System.Int32>>
      ._resourceHash = <?>
      ._isDialogOpen = true

=== HEAP SCAN (0 of 0 candidates, cap 0) ===

[+] scout complete; detach happens now
