[i] mode path: run this with the game at: whatever the path needs
[+] attaching to PID 7568
[+] IL2CPP ready, scouting...

=== PATH: candidate classes ===

=== Gallop.DialogManager -> _dialogList -> [1] -> _data -> RightButtonCallBack -> m_target -> _idleTab -> _raceSelectContext -> <ReservedRaceInfo>k__BackingField -> reserved_race_array -> [4] -> race_array ===
  _dialogList: System.Collections.Generic.List<Gallop.DialogCommon>
  [1]: Gallop.DialogCommon
  _data: Gallop.DialogCommon.Data
  RightButtonCallBack: System.Action<Gallop.DialogCommon>
  m_target: Gallop.DialogSingleModeStartConfirmEntrySelectMode
  _idleTab: Gallop.PartsSingleModeStartConfirmEntryIdleTabItem
  _raceSelectContext: Gallop.IdleSingleModeCharaRaceSelectContext
  <ReservedRaceInfo>k__BackingField: Gallop.SingleModeReservedRaceInfo
  reserved_race_array: ?
  [4]: Gallop.SingleModeReservedRaceDeck
  race_array: ?
  <? len=15>
      [0] <Gallop.SingleModeReservedRace>
          .year = 1
          .program_id = 624
      [1] <Gallop.SingleModeReservedRace>
          .year = 1
          .program_id = 625
      [2] <Gallop.SingleModeReservedRace>
          .year = 2
          .program_id = 74
      [3] <Gallop.SingleModeReservedRace>
          .year = 2
          .program_id = 77
      [4] <Gallop.SingleModeReservedRace>
          .year = 2
          .program_id = 78
      [5] <Gallop.SingleModeReservedRace>
          .year = 2
          .program_id = 163
      [6] <Gallop.SingleModeReservedRace>
          .year = 2
          .program_id = 164
      [7] <Gallop.SingleModeReservedRace>
          .year = 2
          .program_id = 166
      [8] <Gallop.SingleModeReservedRace>
          .year = 2
          .program_id = 171
      [9] <Gallop.SingleModeReservedRace>
          .year = 2
          .program_id = 176
      [10] <Gallop.SingleModeReservedRace>
          .year = 3
          .program_id = 5
      [11] <Gallop.SingleModeReservedRace>
          .year = 3
          .program_id = 73
      [12] <Gallop.SingleModeReservedRace>
          .year = 3
          .program_id = 77
      [13] <Gallop.SingleModeReservedRace>
          .year = 3
          .program_id = 85
      [14] <Gallop.SingleModeReservedRace>
          .year = 3
          .program_id = 109

=== HEAP SCAN (0 of 0 candidates, cap 0) ===

[+] scout complete; detach happens now
