[i] mode path: run this with the game at: whatever the path needs
[+] attaching to PID 7568
[+] IL2CPP ready, scouting...

=== PATH: candidate classes ===

=== Gallop.WorkDataManager -> <CardData>k__BackingField ===
  <CardData>k__BackingField: Gallop.WorkCardData
  <Gallop.WorkCardData>
      ._dataDic = <System.Collections.Generic.Dictionary<System.Int32,Gallop.WorkCardData.CardData> count=54>
        {100102} <Gallop.WorkCardData.CardData>
            ._masterCard = <Gallop.MasterCardData.CardData>
            ._masterRarityCard = <Gallop.MasterCardRarityData.CardRarityData>
            ._masterChara = <Gallop.MasterCharaData.CharaData>
            .<CardId>k__BackingField = 100102 (obscured)
            .<TalentLevel>k__BackingField = 5 (obscured)
            .<Rarity>k__BackingField = 3 (obscured)
            ._hintLevelDic = <System.Collections.Generic.Dictionary<CodeStage.AntiCheat.ObscuredTypes.ObscuredInt,CodeStage.AntiCheat.ObscuredTypes.ObscuredInt>>
            .<ChangedModelDressId>k__BackingField = 0 (obscured)
            .<CreateTime>k__BackingField = 1760548072 (obscured)
            ._speed = 77 (obscured)
            ._stamina = 90 (obscured)
            ._power = 103 (obscured)
            ._guts = 98 (obscured)
            ._wiz = 82 (obscured)
            ._uniqueSkill = <Gallop.WorkSkillData.AcquiredSkill>
            ._acquirableSkillArray = <read err: access violation accessing 0x18>
        {100302} <Gallop.WorkCardData.CardData>
            ._masterCard = <Gallop.MasterCardData.CardData>
            ._masterRarityCard = <Gallop.MasterCardRarityData.CardRarityData>
            ._masterChara = <Gallop.MasterCharaData.CharaData>
            .<CardId>k__BackingField = 100302 (obscured)
            .<TalentLevel>k__BackingField = 4 (obscured)
            .<Rarity>k__BackingField = 3 (obscured)
            ._hintLevelDic = <System.Collections.Generic.Dictionary<CodeStage.AntiCheat.ObscuredTypes.ObscuredInt,CodeStage.AntiCheat.ObscuredTypes.ObscuredInt>>
            .<ChangedModelDressId>k__BackingField = 0 (obscured)
            .<CreateTime>k__BackingField = 1773500894 (obscured)
            ._speed = 89 (obscured)
            ._stamina = 102 (obscured)
            ._power = 80 (obscured)
            ._guts = 86 (obscured)
            ._wiz = 93 (obscured)
            ._uniqueSkill = <Gallop.WorkSkillData.AcquiredSkill>
            ._acquirableSkillArray = <read err: access violation accessing 0x18>
        {100401} <Gallop.WorkCardData.CardData>
            ._masterCard = <Gallop.MasterCardData.CardData>
            ._masterRarityCard = <Gallop.MasterCardRarityData.CardRarityData>
            ._masterChara = <Gallop.MasterCharaData.CharaData>
            .<CardId>k__BackingField = 100401 (obscured)
            .<TalentLevel>k__BackingField = 1 (obscured)
            .<Rarity>k__BackingField = 3 (obscured)
            ._hintLevelDic = <System.Collections.Generic.Dictionary<CodeStage.AntiCheat.ObscuredTypes.ObscuredInt,CodeStage.AntiCheat.ObscuredTypes.ObscuredInt>>
            .<ChangedModelDressId>k__BackingField = 0 (obscured)
            .<CreateTime>k__BackingField = 1768514683 (obscured)
            ._speed = 96 (obscured)
            ._stamina = 68 (obscured)
            ._power = 86 (obscured)
            ._guts = 100 (obscured)
            ._wiz = 100 (obscured)
            ._uniqueSkill = <Gallop.WorkSkillData.AcquiredSkill>
            ._acquirableSkillArray = <read err: access violation accessing 0x18>
      .<ReleaseCardIdList>k__BackingField = <System.Collections.Generic.List<System.Int32> count=104>
        [0] 102701
        [1] 103201
        [2] 103501
      .<BackableStateStack>k__BackingField = <Gallop.BackableStateStack>
        ._stack = <Gallop.FixedSizedStack<Gallop.IBackable>>
          .Items = <? len=10>
            [0] <?>
            [1] <?>
            [2] <?>
          .Count = 0
          ._capacity = 10
          ._head = 0
          ._lock = <System.Object>

=== HEAP SCAN (0 of 0 candidates, cap 0) ===

[+] scout complete; detach happens now
