[i] mode path: run this with the game at: whatever the path needs
[+] attaching to PID 7568
[+] IL2CPP ready, scouting...

=== PATH: candidate classes ===

=== Gallop.SceneManager -> _currentViewController ===
  _currentViewController: Gallop.SingleModeSkillLearningViewController
  <Gallop.SingleModeSkillLearningViewController>
      .BG_PATH = "Bg/bg_0015_00110"
      .ENV_PATH = "3d/EnvParam/SingleMode/ast_prm_singlemode_skill_learning_view"
      ._skillInfoList = <System.Collections.Generic.List<Gallop.SingleModeSkillLearningViewController.SkillInfo>>
      ._itemList = <System.Collections.Generic.List<Gallop.PartsSingleModeSkillLearningListItem>>
      ._itemRectTransformList = <System.Collections.Generic.List<UnityEngine.RectTransform>>
      .<RemainingPoint>k__BackingField = 66
      ._isSelectedDialog = <?>
      ._showEventTitle = false
      ._viewId = <?>
      ._view = <Gallop.SingleModeSkillLearningView>
      ._viewInfo = <?>
      ._parentSceneController = <Gallop.SingleModeSceneController>

=== HEAP SCAN (0 of 0 candidates, cap 0) ===

[+] scout complete; detach happens now
