[i] mode path: run this with the game at: whatever the path needs
[+] attaching to PID 7568
[+] IL2CPP ready, scouting...

=== PATH: candidate classes ===

=== Gallop.SceneManager -> _currentViewController ===
  _currentViewController: Gallop.SingleModeConfirmCompleteViewController
  <Gallop.SingleModeConfirmCompleteViewController>
      .BG_PATH = "Bg/bg_0005_05110"
      .EFFECT_POSITION = <?>
      ._currentScenarioId = <?>
      ._bgImageData = <?>
      ._teamInfo = <?>
      ._usedSkillUpgradeEyeCutin = false
      ._dialogIdleSingleModeResultLog = <Gallop.DialogIdleSingleModeResultLog>
      ._skillUpgrade3dController = <Gallop.SingleModeSkillUpgrade3DController>
      ._viewId = <?>
      ._view = <Gallop.SingleModeConfirmCompleteView>
      ._viewInfo = <?>
      ._parentSceneController = <Gallop.SingleModeSceneController>

=== HEAP SCAN (0 of 0 candidates, cap 0) ===

[+] scout complete; detach happens now
