[i] mode path: run this with the game at: whatever the path needs
[+] attaching to PID 7568
[+] IL2CPP ready, scouting...

=== PATH: candidate classes ===

=== Gallop.SceneManager -> _currentViewController -> _sequence -> _sequenceParts -> <Factor>k__BackingField -> _model -> _factorSelectInfoList -> [0] ===
  _currentViewController: Gallop.SingleModeResultViewController
  _sequence: Gallop.SingleModeResultSequence
  _sequenceParts: Gallop.SingleModeResultSequence.SingleModeResultSequenceParts
  <Factor>k__BackingField: Gallop.PartsSingleModeResultFactor
  _model: Gallop.PartsSingleModeResultFactorModel
  _factorSelectInfoList: System.Collections.Generic.List<Gallop.FactorSelectInfo>
  [0]: Gallop.FactorSelectInfo
  <Gallop.FactorSelectInfo>
      .lottery_id = 1
      .factor_info_array = <? len=17>
        [0] <Gallop.FactorInfo>
            .factor_id = 301
            .level = 0
        [1] <Gallop.FactorInfo>
            .factor_id = 3302
            .level = 0
        [2] <Gallop.FactorInfo>
            .factor_id = 10110202
            .level = 0
        [3] <Gallop.FactorInfo>
            .factor_id = 2001902
            .level = 0
        [4] <Gallop.FactorInfo>
            .factor_id = 2007401
            .level = 0
        [5] <Gallop.FactorInfo>
            .factor_id = 2012002
            .level = 0
        [6] <Gallop.FactorInfo>
            .factor_id = 2012202
            .level = 0
        [7] <Gallop.FactorInfo>
            .factor_id = 2014202
            .level = 0
        [8] <Gallop.FactorInfo>
            .factor_id = 2016602
            .level = 0
        [9] <Gallop.FactorInfo>
            .factor_id = 2102002
            .level = 0
        [10] <Gallop.FactorInfo>
            .factor_id = 1000601
            .level = 0
        [11] <Gallop.FactorInfo>
            .factor_id = 1001101
            .level = 0
        [12] <Gallop.FactorInfo>
            .factor_id = 1001201
            .level = 0
        [13] <Gallop.FactorInfo>
            .factor_id = 1001501
            .level = 0
        [14] <Gallop.FactorInfo>
            .factor_id = 1001901
            .level = 0
        [15] <Gallop.FactorInfo>
            .factor_id = 1002202
            .level = 0
        [16] <Gallop.FactorInfo>
            .factor_id = 3000101
            .level = 0

=== HEAP SCAN (0 of 0 candidates, cap 0) ===

[+] scout complete; detach happens now
