[i] mode path: run this with the game at: whatever the path needs
[+] attaching to PID 7568
[+] IL2CPP ready, scouting...

=== PATH: candidate classes ===

=== Gallop.SceneManager -> _currentViewController -> _sequence -> _sequenceParts -> <FactorLottery>k__BackingField -> _model ===
  _currentViewController: Gallop.SingleModeResultViewController
  _sequence: Gallop.SingleModeResultSequence
  _sequenceParts: Gallop.SingleModeResultSequence.SingleModeResultSequenceParts
  <FactorLottery>k__BackingField: Gallop.PartsSingleModeResultFactorLottery
  _model: Gallop.PartsSingleModeResultFactorLotteryModel
  <Gallop.PartsSingleModeResultFactorLotteryModel>
      ._factorSelectInfo = <Gallop.FactorSelectInfo>
        .lottery_id = 2
        .factor_info_array = <? len=14>
          [0] <Gallop.FactorInfo>
              .factor_id = 401
              .level = 0
          [1] <Gallop.FactorInfo>
              .factor_id = 3302
              .level = 0
          [2] <Gallop.FactorInfo>
              .factor_id = 10110202
              .level = 0
          [3] <Gallop.FactorInfo>
              .factor_id = 2001402
              .level = 0
          [4] <Gallop.FactorInfo>
              .factor_id = 2002002
              .level = 0
          [5] <Gallop.FactorInfo>
              .factor_id = 2004602
              .level = 0
          [6] <Gallop.FactorInfo>
              .factor_id = 2015402
              .level = 0
          [7] <Gallop.FactorInfo>
              .factor_id = 2016602
              .level = 0
          [8] <Gallop.FactorInfo>
              .factor_id = 1000802
              .level = 0
          [9] <Gallop.FactorInfo>
              .factor_id = 1001002
              .level = 0
          [10] <Gallop.FactorInfo>
              .factor_id = 1001902
              .level = 0
          [11] <Gallop.FactorInfo>
              .factor_id = 3000102
              .level = 0
          [12] <Gallop.FactorInfo>
              .factor_id = 2100901
              .level = 0
          [13] <Gallop.FactorInfo>
              .factor_id = 2101401
              .level = 0

=== HEAP SCAN (0 of 0 candidates, cap 0) ===

[+] scout complete; detach happens now
