[i] mode path: run this with the game at: whatever the path needs
[+] attaching to PID 7568
[+] IL2CPP ready, scouting...

=== PATH: candidate classes ===

=== Gallop.DialogManager -> _dialogList -> [1] -> _data ===
  _dialogList: System.Collections.Generic.List<Gallop.DialogCommon>
  [1]: Gallop.DialogCommon
  _data: Gallop.DialogCommon.Data
  <Gallop.DialogCommon.Data>
      .DialogType = <?>
      .HeaderSortOrderOffset = -1
      .LeftButtonText = "Cancel"
      .RightButtonText = "Start Career!"
      .RightButtonNoInteractableNotiffication = <read err: access violation accessing 0x10>
      .CenterButtonText = <read err: access violation accessing 0x10>
      .LeftButtonColor = <?>
      .RightButtonColor = <?>
      .CenterButtonColor = <?>
      .ObjParentType = <?>
      .DispStackType = <?>
      .LeftButtonCallBack = <System.Action<Gallop.DialogCommon>>
      .RightButtonCallBack = <System.Action<Gallop.DialogCommon>>
      .CenterButtonCallBack = <?>
      .LeftButtonDefaultInteractable = true
      .RightButtonDefaultInteractable = true
      .CenterButtonDefaultInteractable = true
      .BeginCloseCallBack = <?>
      .DispAfterClosingCallBack = <?>
      .RemoveCallBack = <?>
      .DestroyCallBack = <?>
      .BeginOpenCallback = <?>
      .OpenCallBack = <System.Action<Gallop.DialogCommon>>
      .OutsideCallBack = <?>
      .Text = <read err: access violation accessing 0x10>
      .TextPositionOffset = <?>
      .AutoClose = false
      .EnableOutsideClick = true
      .HideBGImage = false
      .DisableAnimation = false
      .DisableAnimationDialogInContents = false
      .DisableAnimationDialogInFooterButton = false
      .EnableEvacuation = true
      .EvacuationCanvas = <UnityEngine.Canvas>
      .OnChangeSortingOrder = <?>
      .OpenSe = <?>
      .CancelSe = <?>
      .IsPlayOpenSe = true
      .OnPushBackKey = <?>
      .FooterText = ""
      .IsFooterNotificationText = false
      .FooterTextFontSize = <?>
      .FooterTextColor = <?>
      .StartRect = <?>
      .IsCenterStartRect = false
      .<DialogHash>k__BackingField = <?>
      .WebViewRectOffset = <?>
      .BgAlphaRate = 1
      .UseLandScapePrefab = false
      .FormType = <?>
      .Title = "Final Confirmation"
      .ContentsObject = <UnityEngine.GameObject>
      ._dialog = <Gallop.DialogCommon>

=== HEAP SCAN (0 of 0 candidates, cap 0) ===

[+] scout complete; detach happens now
