[i] mode path: run this with the game at: whatever the path needs
[+] attaching to PID 7568
[+] IL2CPP ready, scouting...

=== PATH: candidate classes ===

=== Gallop.WorkDataManager -> <TrainedCharaData>k__BackingField -> _dataDic -> {3061} -> <FactorDataArray>k__BackingField ===
  <TrainedCharaData>k__BackingField: Gallop.WorkTrainedCharaData
  _dataDic: System.Collections.Generic.Dictionary<System.Int32,Gallop.WorkTrainedCharaData.TrainedCharaData>
  {3061}: Gallop.WorkTrainedCharaData.TrainedCharaData
  <FactorDataArray>k__BackingField: ?
  <? len=17>
      [0] <Gallop.WorkTrainedCharaData.TrainedCharaData.SuccessionCharaData.FactorData>
          .<FactorLv>k__BackingField = 0 (obscured)
          .<FactorId>k__BackingField = 301 (obscured)
          ._baseFactorId = 301 (obscured)
          ._upgradeHistoryList = <?>
      [1] <Gallop.WorkTrainedCharaData.TrainedCharaData.SuccessionCharaData.FactorData>
          .<FactorLv>k__BackingField = 0 (obscured)
          .<FactorId>k__BackingField = 3302 (obscured)
          ._baseFactorId = 3302 (obscured)
          ._upgradeHistoryList = <?>
      [2] <Gallop.WorkTrainedCharaData.TrainedCharaData.SuccessionCharaData.FactorData>
          .<FactorLv>k__BackingField = 0 (obscured)
          .<FactorId>k__BackingField = 1000601 (obscured)
          ._baseFactorId = 1000601 (obscured)
          ._upgradeHistoryList = <?>
      [3] <Gallop.WorkTrainedCharaData.TrainedCharaData.SuccessionCharaData.FactorData>
          .<FactorLv>k__BackingField = 0 (obscured)
          .<FactorId>k__BackingField = 1001101 (obscured)
          ._baseFactorId = 1001101 (obscured)
          ._upgradeHistoryList = <?>
      [4] <Gallop.WorkTrainedCharaData.TrainedCharaData.SuccessionCharaData.FactorData>
          .<FactorLv>k__BackingField = 0 (obscured)
          .<FactorId>k__BackingField = 1001201 (obscured)
          ._baseFactorId = 1001201 (obscured)
          ._upgradeHistoryList = <?>
      [5] <Gallop.WorkTrainedCharaData.TrainedCharaData.SuccessionCharaData.FactorData>
          .<FactorLv>k__BackingField = 0 (obscured)
          .<FactorId>k__BackingField = 1001501 (obscured)
          ._baseFactorId = 1001501 (obscured)
          ._upgradeHistoryList = <?>
      [6] <Gallop.WorkTrainedCharaData.TrainedCharaData.SuccessionCharaData.FactorData>
          .<FactorLv>k__BackingField = 0 (obscured)
          .<FactorId>k__BackingField = 1001901 (obscured)
          ._baseFactorId = 1001901 (obscured)
          ._upgradeHistoryList = <?>
      [7] <Gallop.WorkTrainedCharaData.TrainedCharaData.SuccessionCharaData.FactorData>
          .<FactorLv>k__BackingField = 0 (obscured)
          .<FactorId>k__BackingField = 1002202 (obscured)
          ._baseFactorId = 1002202 (obscured)
          ._upgradeHistoryList = <?>
      [8] <Gallop.WorkTrainedCharaData.TrainedCharaData.SuccessionCharaData.FactorData>
          .<FactorLv>k__BackingField = 0 (obscured)
          .<FactorId>k__BackingField = 2001902 (obscured)
          ._baseFactorId = 2001902 (obscured)
          ._upgradeHistoryList = <?>
      [9] <Gallop.WorkTrainedCharaData.TrainedCharaData.SuccessionCharaData.FactorData>
          .<FactorLv>k__BackingField = 0 (obscured)
          .<FactorId>k__BackingField = 2007401 (obscured)
          ._baseFactorId = 2007401 (obscured)
          ._upgradeHistoryList = <?>
      [10] <Gallop.WorkTrainedCharaData.TrainedCharaData.SuccessionCharaData.FactorData>
          .<FactorLv>k__BackingField = 0 (obscured)
          .<FactorId>k__BackingField = 2012002 (obscured)
          ._baseFactorId = 2012002 (obscured)
          ._upgradeHistoryList = <?>
      [11] <Gallop.WorkTrainedCharaData.TrainedCharaData.SuccessionCharaData.FactorData>
          .<FactorLv>k__BackingField = 0 (obscured)
          .<FactorId>k__BackingField = 2012202 (obscured)
          ._baseFactorId = 2012202 (obscured)
          ._upgradeHistoryList = <?>
      [12] <Gallop.WorkTrainedCharaData.TrainedCharaData.SuccessionCharaData.FactorData>
          .<FactorLv>k__BackingField = 0 (obscured)
          .<FactorId>k__BackingField = 2014202 (obscured)
          ._baseFactorId = 2014202 (obscured)
          ._upgradeHistoryList = <?>
      [13] <Gallop.WorkTrainedCharaData.TrainedCharaData.SuccessionCharaData.FactorData>
          .<FactorLv>k__BackingField = 0 (obscured)
          .<FactorId>k__BackingField = 2016602 (obscured)
          ._baseFactorId = 2016602 (obscured)
          ._upgradeHistoryList = <?>
      [14] <Gallop.WorkTrainedCharaData.TrainedCharaData.SuccessionCharaData.FactorData>
          .<FactorLv>k__BackingField = 0 (obscured)
          .<FactorId>k__BackingField = 2102002 (obscured)
          ._baseFactorId = 2102002 (obscured)
          ._upgradeHistoryList = <?>
      [15] <Gallop.WorkTrainedCharaData.TrainedCharaData.SuccessionCharaData.FactorData>
          .<FactorLv>k__BackingField = 0 (obscured)
          .<FactorId>k__BackingField = 3000101 (obscured)
          ._baseFactorId = 3000101 (obscured)
          ._upgradeHistoryList = <?>
      [16] <Gallop.WorkTrainedCharaData.TrainedCharaData.SuccessionCharaData.FactorData>
          .<FactorLv>k__BackingField = 0 (obscured)
          .<FactorId>k__BackingField = 10110202 (obscured)
          ._baseFactorId = 10110202 (obscured)
          ._upgradeHistoryList = <?>

=== HEAP SCAN (0 of 0 candidates, cap 0) ===

[+] scout complete; detach happens now
